00:00 +0: loading /Users/badalaryal/Soulmate/test/widget/settings_screen_test.dart                                                                                                                     00:01 +0: loading /Users/badalaryal/Soulmate/test/widget/settings_screen_test.dart                                                                                                                     00:02 +0: loading /Users/badalaryal/Soulmate/test/widget/settings_screen_test.dart                                                                                                                     00:03 +0: loading /Users/badalaryal/Soulmate/test/widget/settings_screen_test.dart                                                                                                                     00:04 +0: loading /Users/badalaryal/Soulmate/test/widget/settings_screen_test.dart                                                                                                                     00:05 +0: loading /Users/badalaryal/Soulmate/test/widget/settings_screen_test.dart                                                                                                                     00:06 +0: loading /Users/badalaryal/Soulmate/test/widget/settings_screen_test.dart                                                                                                                     00:07 +0: loading /Users/badalaryal/Soulmate/test/widget/settings_screen_test.dart                                                                                                                     00:08 +0: loading /Users/badalaryal/Soulmate/test/widget/settings_screen_test.dart                                                                                                                     00:09 +0: loading /Users/badalaryal/Soulmate/test/widget/settings_screen_test.dart                                                                                                                     00:10 +0: loading /Users/badalaryal/Soulmate/test/widget/settings_screen_test.dart                                                                                                                     00:11 +0: loading /Users/badalaryal/Soulmate/test/widget/settings_screen_test.dart                                                                                                                     00:12 +0: loading /Users/badalaryal/Soulmate/test/widget/settings_screen_test.dart                                                                                                                     00:12 +0: SettingsScreen renders all sections                                                                                                                                                          00:13 +0: SettingsScreen renders all sections                                                                                                                                                          00:14 +0: SettingsScreen renders all sections                                                                                                                                                          00:15 +0: SettingsScreen renders all sections                                                                                                                                                          00:16 +0: SettingsScreen renders all sections                                                                                                                                                          00:16 +0: SettingsScreen renders all sections                                                                                                                                                          
══╡ EXCEPTION CAUGHT BY FLUTTER TEST FRAMEWORK ╞════════════════════════════════════════════════════
The following TestFailure was thrown running a test:
Expected: exactly one matching candidate
  Actual: _TextWidgetFinder:<Found 0 widgets with text "Actions": []>
   Which: means none were found but one was expected

When the exception was thrown, this was the stack:
#4      main.<anonymous closure> (file:///Users/badalaryal/Soulmate/test/widget/settings_screen_test.dart:67:5)
<asynchronous suspension>
#5      testWidgets.<anonymous closure>.<anonymous closure> (package:flutter_test/src/widget_tester.dart:192:15)
<asynchronous suspension>
#6      TestWidgetsFlutterBinding._runTestBody (package:flutter_test/src/binding.dart:1059:5)
<asynchronous suspension>
<asynchronous suspension>
(elided one frame from package:stack_trace)

This was caught by the test expectation on the following line:
  file:///Users/badalaryal/Soulmate/test/widget/settings_screen_test.dart line 67
The test description was:
  SettingsScreen renders all sections
════════════════════════════════════════════════════════════════════════════════════════════════════
00:16 +0 -1: SettingsScreen renders all sections [E]                                                                                                                                                   
  Test failed. See exception logs above.
  The test description was: SettingsScreen renders all sections
  

To run this test again: /Users/badalaryal/development/flutter/bin/cache/dart-sdk/bin/dart test /Users/badalaryal/Soulmate/test/widget/settings_screen_test.dart -p vm --plain-name 'SettingsScreen renders all sections'
00:16 +0 -1: Sign Out button calls authService.signOut                                                                                                                                                 00:17 +0 -1: Sign Out button calls authService.signOut                                                                                                                                                 00:17 +0 -1: Sign Out button calls authService.signOut                                                                                                                                                 
══╡ EXCEPTION CAUGHT BY FLUTTER TEST FRAMEWORK ╞════════════════════════════════════════════════════
The following TestFailure was thrown running a test:
Expected: exactly one matching candidate
  Actual: _AncestorWidgetFinder:<Found 0 widgets with type "ListTile" that are ancestors of widgets
with text "Sign Out": []>
   Which: means none were found but one was expected

When the exception was thrown, this was the stack:
#4      main.<anonymous closure> (file:///Users/badalaryal/Soulmate/test/widget/settings_screen_test.dart:76:5)
<asynchronous suspension>
#5      testWidgets.<anonymous closure>.<anonymous closure> (package:flutter_test/src/widget_tester.dart:192:15)
<asynchronous suspension>
#6      TestWidgetsFlutterBinding._runTestBody (package:flutter_test/src/binding.dart:1059:5)
<asynchronous suspension>
<asynchronous suspension>
(elided one frame from package:stack_trace)

This was caught by the test expectation on the following line:
  file:///Users/badalaryal/Soulmate/test/widget/settings_screen_test.dart line 76
The test description was:
  Sign Out button calls authService.signOut
════════════════════════════════════════════════════════════════════════════════════════════════════
00:17 +0 -2: Sign Out button calls authService.signOut [E]                                                                                                                                             
  Test failed. See exception logs above.
  The test description was: Sign Out button calls authService.signOut
  

To run this test again: /Users/badalaryal/development/flutter/bin/cache/dart-sdk/bin/dart test /Users/badalaryal/Soulmate/test/widget/settings_screen_test.dart -p vm --plain-name 'Sign Out button calls authService.signOut'
00:17 +0 -2: About Soulmate shows dialog                                                                                                                                                               00:17 +0 -2: About Soulmate shows dialog                                                                                                                                                               

Warning: A call to tap() with finder "Found 1 widget with text "About Soulmate": [
  Text("About Soulmate", inherit: true, family: Poppins_regular, familyFallback: [Poppins], dependencies: [DefaultSelectionStyle, DefaultTextStyle, MediaQuery]),
]" derived an Offset (Offset(416.0, 604.0)) that would not hit test on the specified widget.
Maybe the widget is actually off-screen, or another widget is obscuring it, or the widget cannot receive pointer events.
Indeed, Offset(416.0, 604.0) is outside the bounds of the root of the render tree, Size(800.0, 600.0).
The finder corresponds to this RenderBox: RenderParagraph#77a25 relayoutBoundary=up13
The hit test result at that offset is: HitTestResult(HitTestEntry<HitTestTarget>#3a0c9(_ReusableRenderView#d9ccf), HitTestEntry<HitTestTarget>#72756(<AutomatedTestWidgetsFlutterBinding>))
#0      WidgetController._getElementPoint (package:flutter_test/src/controller.dart:2081:25)
#1      WidgetController.getCenter (package:flutter_test/src/controller.dart:1865:12)
#2      WidgetController.tap (package:flutter_test/src/controller.dart:1045:7)
#3      main.<anonymous closure> (file:///Users/badalaryal/Soulmate/test/widget/settings_screen_test.dart:89:18)
<asynchronous suspension>
#4      testWidgets.<anonymous closure>.<anonymous closure> (package:flutter_test/src/widget_tester.dart:192:15)
<asynchronous suspension>
#5      TestWidgetsFlutterBinding._runTestBody (package:flutter_test/src/binding.dart:1059:5)
<asynchronous suspension>
#6      StackZoneSpecification._registerCallback.<anonymous closure> (package:stack_trace/src/stack_zone_specification.dart:114:42)
<asynchronous suspension>
To silence this warning, pass "warnIfMissed: false" to "tap()".
To make this warning fatal, set WidgetController.hitTestWarningShouldBeFatal to true.

══╡ EXCEPTION CAUGHT BY FLUTTER TEST FRAMEWORK ╞════════════════════════════════════════════════════
The following TestFailure was thrown running a test:
Expected: exactly one matching candidate
  Actual: _TextWidgetFinder:<Found 0 widgets with text "Version 1.0.0": []>
   Which: means none were found but one was expected

When the exception was thrown, this was the stack:
#4      main.<anonymous closure> (file:///Users/badalaryal/Soulmate/test/widget/settings_screen_test.dart:92:5)
<asynchronous suspension>
#5      testWidgets.<anonymous closure>.<anonymous closure> (package:flutter_test/src/widget_tester.dart:192:15)
<asynchronous suspension>
#6      TestWidgetsFlutterBinding._runTestBody (package:flutter_test/src/binding.dart:1059:5)
<asynchronous suspension>
<asynchronous suspension>
(elided one frame from package:stack_trace)

This was caught by the test expectation on the following line:
  file:///Users/badalaryal/Soulmate/test/widget/settings_screen_test.dart line 92
The test description was:
  About Soulmate shows dialog
════════════════════════════════════════════════════════════════════════════════════════════════════
00:18 +0 -3: About Soulmate shows dialog [E]                                                                                                                                                           
  Test failed. See exception logs above.
  The test description was: About Soulmate shows dialog
  

To run this test again: /Users/badalaryal/development/flutter/bin/cache/dart-sdk/bin/dart test /Users/badalaryal/Soulmate/test/widget/settings_screen_test.dart -p vm --plain-name 'About Soulmate shows dialog'
00:19 +0 -3: Some tests failed.                                                                                                                                                                        
